<?xml version="1.0" encoding="UTF-8"?>
<testsuites name="jest tests" tests="2" failures="0" errors="0" time="0.277">
  <testsuite name="AppService" errors="0" failures="0" skipped="0" timestamp="2023-12-18T16:58:41" time="0.256" tests="2">
    <testcase classname="AppService getVersion() should return version number" name="AppService getVersion() should return version number" time="0.004">
    </testcase>
    <testcase classname="AppService healthz() should return health status" name="AppService healthz() should return health status" time="0.001">
    </testcase>
  </testsuite>
</testsuites>